00000000000i[      ] Bochs x86 Emulator 2.7
00000000000i[      ]   Built from SVN snapshot on August  1, 2021
00000000000i[      ]   Timestamp: Sun Aug  1 10:07:00 CEST 2021
00000000000i[      ] System configuration
00000000000i[      ]   processors: 1 (cores=1, HT threads=1)
00000000000i[      ]   A20 line support: yes
00000000000i[      ] IPS is set to 4000000
00000000000i[      ] CPU configuration
00000000000i[      ]   SMP support: yes, quantum=16
00000000000i[      ]   level: 6
00000000000i[      ]   APIC support: xapic
00000000000i[      ]   FPU support: yes
00000000000i[      ]   MMX support: yes
00000000000i[      ]   3dnow! support: yes
00000000000i[      ]   SEP support: yes
00000000000i[      ]   SIMD support: sse2
00000000000i[      ]   XSAVE support: no 
00000000000i[      ]   AES support: no
00000000000i[      ]   SHA support: no
00000000000i[      ]   MOVBE support: no
00000000000i[      ]   ADX support: no
00000000000i[      ]   x86-64 support: yes
00000000000i[      ]   1G paging support: no
00000000000i[      ]   MWAIT support: yes
00000000000i[      ]   VMX support: 1
00000000000i[      ]   SVM support: no
00000000000i[      ] Optimization configuration
00000000000i[      ]   RepeatSpeedups support: yes
00000000000i[      ]   Fast function calls: yes
00000000000i[      ]   Handlers Chaining speedups: no
00000000000i[      ] Devices configuration
00000000000i[      ]   PCI support: i440FX i430FX i440BX
00000000000i[      ]   Network devices support: NE2000 E1000
00000000000i[      ]   Sound support: SB16 ES1370
00000000000i[      ]   USB support: UHCI OHCI EHCI xHCI
00000000000i[      ]   VGA extension support: vbe cirrus voodoo
00000000000i[IMG   ] Disk image modules
00000000000i[IMG   ]   flat concat sparse dll growing undoable volatile vmware4
00000000000i[IMG   ]   vpc vmware3 vbox vvfat
00000000000i[NETCTL] Networking modules
00000000000i[NETCTL]   null vde linux vnet socket tuntap slirp
00000000000i[SNDCTL] Sound drivers
00000000000i[SNDCTL]   dummy file alsa oss
00000000000i[USBCTL] Pluggable USB devices
00000000000i[USBCTL]   hub mouse tablet keypad keyboard disk cdrom printer
00000000000i[USBCTL]   floppy
00000000000i[MEM0  ] allocated memory at 0x796af3b4a010. after alignment, vector=0x796af3b4b000
00000000000i[MEM0  ] 256.00MB
00000000000i[MEM0  ] mem block size = 0x00020000, blocks=2048
00000000000p[MEM0  ] >>PANIC<< ROM: couldn't open ROM image file '/usr/share/bochs/BIOS-bochs-latest'.
